2025-12-22T03:49:39: [dotenv@17.2.3] injecting env (3) from .env -- tip: 👥 sync secrets across teammates & machines: https://dotenvx.com/ops
2025-12-22T03:49:39: [dotenv@17.2.3] injecting env (0) from .env -- tip: 🔐 encrypt with Dotenvx: https://dotenvx.com
2025-12-22T03:49:39: ✅ เชื่อมต่อฐานข้อมูลสำเร็จ: /home/devlab/projects/ENGSE207_LAB/task-board-api/database/tasks.db
2025-12-22T03:49:39: ℹ️  [INFO] 🚀 เซิร์ฟเวอร์ทำงานที่ http://0.0.0.0:3000
2025-12-22T03:49:39: ℹ️  [INFO] 📊 Environment: production
2025-12-22T03:49:39: ℹ️  [INFO] 🚀 เซิร์ฟเวอร์ทำงานที่ http://localhost:3000
2025-12-22T03:49:39: ℹ️  [INFO] 📊 Environment: production
2025-12-22T03:51:32: ℹ️  [INFO] กำลังปิดเซิร์ฟเวอร์...
2025-12-22T03:51:32: ✅ ปิดการเชื่อมต่อฐานข้อมูล
2025-12-22T03:52:43: [dotenv@17.2.3] injecting env (3) from .env -- tip: 🛠️  run anywhere with `dotenvx run -- yourcommand`
2025-12-22T03:52:43: [dotenv@17.2.3] injecting env (0) from .env -- tip: ⚙️  write to custom object with { processEnv: myObject }
2025-12-22T03:52:43: ✅ เชื่อมต่อฐานข้อมูลสำเร็จ: /home/devlab/projects/ENGSE207_LAB/task-board-api/database/tasks.db
2025-12-22T03:52:43: ℹ️  [INFO] 🚀 เซิร์ฟเวอร์ทำงานที่ http://0.0.0.0:3000
2025-12-22T03:52:43: ℹ️  [INFO] 📊 Environment: production
2025-12-22T03:52:43: ℹ️  [INFO] 🚀 เซิร์ฟเวอร์ทำงานที่ http://localhost:3000
2025-12-22T03:52:43: ℹ️  [INFO] 📊 Environment: production
2025-12-22T03:53:00: ℹ️  [INFO] กำลังปิดเซิร์ฟเวอร์...
2025-12-22T03:53:00: ✅ ปิดการเชื่อมต่อฐานข้อมูล
2025-12-22T03:53:10: [dotenv@17.2.3] injecting env (3) from .env -- tip: 🔐 encrypt with Dotenvx: https://dotenvx.com
2025-12-22T03:53:10: [dotenv@17.2.3] injecting env (0) from .env -- tip: ✅ audit secrets and track compliance: https://dotenvx.com/ops
2025-12-22T03:53:10: ✅ เชื่อมต่อฐานข้อมูลสำเร็จ: /home/devlab/projects/ENGSE207_LAB/task-board-api/database/tasks.db
2025-12-22T03:53:10: ℹ️  [INFO] 🚀 เซิร์ฟเวอร์ทำงานที่ http://localhost:3000
2025-12-22T03:53:10: ℹ️  [INFO] 📊 Environment: production
2025-12-22T03:53:10: ℹ️  [INFO] 🚀 เซิร์ฟเวอร์ทำงานที่ http://0.0.0.0:3000
2025-12-22T03:53:10: ℹ️  [INFO] 📊 Environment: production
2025-12-22T03:53:47: ℹ️  [INFO] กำลังปิดเซิร์ฟเวอร์...
2025-12-22T03:53:47: ✅ ปิดการเชื่อมต่อฐานข้อมูล
2025-12-22T04:23:33: [dotenv@17.2.3] injecting env (3) from .env -- tip: ⚙️  write to custom object with { processEnv: myObject }
2025-12-22T04:23:33: [dotenv@17.2.3] injecting env (0) from .env -- tip: 🔐 prevent committing .env to code: https://dotenvx.com/precommit
2025-12-22T04:23:33: ℹ️  [INFO] 🚀 เซิร์ฟเวอร์ทำงานที่ http://0.0.0.0:3000
2025-12-22T04:23:33: ℹ️  [INFO] 📊 Environment: production
2025-12-22T04:23:33: ✅ เชื่อมต่อฐานข้อมูลสำเร็จ: /home/devlab/projects/ENGSE207_LAB/task-board-api/database/tasks.db
2025-12-22T04:23:33: ℹ️  [INFO] 🚀 เซิร์ฟเวอร์ทำงานที่ http://localhost:3000
2025-12-22T04:23:33: ℹ️  [INFO] 📊 Environment: production
